[INFO] Scanning for projects...
[INFO] 
[INFO] --------------------< com.portfolio:users-service >---------------------
[INFO] Building Users Service 1.0.0
[INFO]   from pom.xml
[INFO] --------------------------------[ jar ]---------------------------------
[INFO] 
[INFO] --- clean:3.3.2:clean (default-clean) @ users-service ---
[INFO] Deleting C:\Final Project\Virtual Portfolio\backend\users-service\target
[INFO] 
[INFO] --- jacoco:0.8.11:prepare-agent (default) @ users-service ---
[INFO] argLine set to "-javaagent:C:\\Users\\juanc\\.m2\\repository\\org\\jacoco\\org.jacoco.agent\\0.8.11\\org.jacoco.agent-0.8.11-runtime.jar=destfile=C:\\Final Project\\Virtual Portfolio\\backend\\users-service\\target\\jacoco.exec"
[INFO] 
[INFO] --- resources:3.3.1:resources (default-resources) @ users-service ---
[INFO] Copying 1 resource from src\main\resources to target\classes
[INFO] Copying 0 resource from src\main\resources to target\classes
[INFO] 
[INFO] --- compiler:3.11.0:compile (default-compile) @ users-service ---
[INFO] Changes detected - recompiling the module! :source
[INFO] Compiling 15 source files with javac [debug release 17] to target\classes
[INFO] 
[INFO] --- resources:3.3.1:testResources (default-testResources) @ users-service ---
[INFO] Copying 1 resource from src\test\resources to target\test-classes
[INFO] 
[INFO] --- compiler:3.11.0:testCompile (default-testCompile) @ users-service ---
[INFO] Changes detected - recompiling the module! :dependency
[INFO] Compiling 14 source files with javac [debug release 17] to target\test-classes
[INFO] /C:/Final Project/Virtual Portfolio/backend/users-service/src/test/java/com/portfolio/users/utils/exception/GlobalExceptionHandlerTest.java: C:\Final Project\Virtual Portfolio\backend\users-service\src\test\java\com\portfolio\users\utils\exception\GlobalExceptionHandlerTest.java uses or overrides a deprecated API.
[INFO] /C:/Final Project/Virtual Portfolio/backend/users-service/src/test/java/com/portfolio/users/utils/exception/GlobalExceptionHandlerTest.java: Recompile with -Xlint:deprecation for details.
[INFO] 
[INFO] --- surefire:3.1.2:test (default-test) @ users-service ---
[INFO] Using auto detected provider org.apache.maven.surefire.junitplatform.JUnitPlatformProvider
[INFO] 
[INFO] -------------------------------------------------------
[INFO]  T E S T S
[INFO] -------------------------------------------------------
[INFO] Running com.portfolio.users.businessLayer.service.AuthServiceTest
.\mvnw.bat : Java HotSpot(TM) 64-Bit Server VM warning: Sharing is only supported for boot loader 
classes because bootstrap classpath has been appended
At line:1 char:51
+ ... folio\backend" ; .\mvnw.bat -pl users-service clean test 2>&1 | Tee-O ...
+                      ~~~~~~~~~~~~~~~~~~~~~~~~~~~~~~~~~~~~~~~~~~~~
    + CategoryInfo          : NotSpecified: (Java HotSpot(TM...s been appended:String) [], RemoteExcept 
   ion
    + FullyQualifiedErrorId : NativeCommandError
 
[INFO] Tests run: 6, Failures: 0, Errors: 0, Skipped: 0, Time elapsed: 4.852 s -- in com.portfolio.users.businessLayer.service.AuthServiceTest
[INFO] Running com.portfolio.users.config.ModelMapperConfigTest
01:58:40.173 [main] INFO org.springframework.test.context.support.AnnotationConfigContextLoaderUtils -- Could not detect default configuration classes for test class [com.portfolio.users.config.ModelMapperConfigTest]: ModelMapperConfigTest does not declare any static, non-private, non-final, nested classes annotated with @Configuration.
01:58:40.946 [main] INFO org.springframework.boot.test.context.SpringBootTestContextBootstrapper -- Found @SpringBootConfiguration com.portfolio.UsersServiceApplication for test class com.portfolio.users.config.ModelMapperConfigTest

  .   ____          _            __ _ _
 /\\ / ___'_ __ _ _(_)_ __  __ _ \ \ \ \
( ( )\___ | '_ | '_| | '_ \/ _` | \ \ \ \
 \\/  ___)| |_)| | | | | || (_| |  ) ) ) )
  '  |____| .__|_| |_|_| |_\__, | / / / /
 =========|_|==============|___/=/_/_/_/
 :: Spring Boot ::                (v3.2.1)

2026-02-04T01:58:43.263-05:00  INFO 26376 --- [users-service] [           main] c.p.users.config.ModelMapperConfigTest   : Starting ModelMapperConfigTest using Java 19.0.2 with PID 26376 (started by JD in C:\Final Project\Virtual Portfolio\backend\users-service)
2026-02-04T01:58:43.265-05:00 DEBUG 26376 --- [users-service] [           main] c.p.users.config.ModelMapperConfigTest   : Running with Spring Boot v3.2.1, Spring v6.1.2
2026-02-04T01:58:43.266-05:00  INFO 26376 --- [users-service] [           main] c.p.users.config.ModelMapperConfigTest   : The following 1 profile is active: "test"
2026-02-04T01:58:46.472-05:00  INFO 26376 --- [users-service] [           main] .s.d.r.c.RepositoryConfigurationDelegate : Bootstrapping Spring Data JPA repositories in DEFAULT mode.
2026-02-04T01:58:47.089-05:00  INFO 26376 --- [users-service] [           main] .s.d.r.c.RepositoryConfigurationDelegate : Finished Spring Data repository scanning in 600 ms. Found 1 JPA repository interface.
2026-02-04T01:58:47.869-05:00  INFO 26376 --- [users-service] [           main] o.s.cloud.context.scope.GenericScope     : BeanFactory id=2edbe766-e072-3f9d-854b-32054d19ae0b
2026-02-04T01:58:48.318-05:00  WARN 26376 --- [users-service] [           main] trationDelegate$BeanPostProcessorChecker : Bean 'org.springframework.cloud.client.loadbalancer.LoadBalancerAutoConfiguration$LoadBalancerInterceptorConfig' of type [org.springframework.cloud.client.loadbalancer.LoadBalancerAutoConfiguration$LoadBalancerInterceptorConfig] is not eligible for getting processed by all BeanPostProcessors (for example: not eligible for auto-proxying). The currently created BeanPostProcessor [lbRestClientPostProcessor] is declared through a non-static factory method on that class; consider declaring it as static instead.
2026-02-04T01:58:48.322-05:00  WARN 26376 --- [users-service] [           main] trationDelegate$BeanPostProcessorChecker : Bean 'org.springframework.cloud.loadbalancer.config.BlockingLoadBalancerClientAutoConfiguration' of type [org.springframework.cloud.loadbalancer.config.BlockingLoadBalancerClientAutoConfiguration] is not eligible for getting processed by all BeanPostProcessors (for example: not eligible for auto-proxying). Is this bean getting eagerly injected into a currently created BeanPostProcessor [lbRestClientPostProcessor]? Check the corresponding BeanPostProcessor declaration and its dependencies.
2026-02-04T01:58:48.326-05:00  WARN 26376 --- [users-service] [           main] trationDelegate$BeanPostProcessorChecker : Bean 'org.springframework.cloud.loadbalancer.config.LoadBalancerAutoConfiguration' of type [org.springframework.cloud.loadbalancer.config.LoadBalancerAutoConfiguration] is not eligible for getting processed by all BeanPostProcessors (for example: not eligible for auto-proxying). Is this bean getting eagerly injected into a currently created BeanPostProcessor [lbRestClientPostProcessor]? Check the corresponding BeanPostProcessor declaration and its dependencies.
2026-02-04T01:58:48.365-05:00  WARN 26376 --- [users-service] [           main] trationDelegate$BeanPostProcessorChecker : Bean 'org.springframework.cloud.commons.config.CommonsConfigAutoConfiguration' of type [org.springframework.cloud.commons.config.CommonsConfigAutoConfiguration] is not eligible for getting processed by all BeanPostProcessors (for example: not eligible for auto-proxying). Is this bean getting eagerly injected into a currently created BeanPostProcessor [lbRestClientPostProcessor]? Check the corresponding BeanPostProcessor declaration and its dependencies.
2026-02-04T01:58:48.368-05:00  WARN 26376 --- [users-service] [           main] trationDelegate$BeanPostProcessorChecker : Bean 'org.springframework.cloud.client.loadbalancer.LoadBalancerDefaultMappingsProviderAutoConfiguration' of type [org.springframework.cloud.client.loadbalancer.LoadBalancerDefaultMappingsProviderAutoConfiguration] is not eligible for getting processed by all BeanPostProcessors (for example: not eligible for auto-proxying). Is this bean getting eagerly injected into a currently created BeanPostProcessor [lbRestClientPostProcessor]? Check the corresponding BeanPostProcessor declaration and its dependencies.
2026-02-04T01:58:48.370-05:00  WARN 26376 --- [users-service] [           main] trationDelegate$BeanPostProcessorChecker : Bean 'loadBalancerClientsDefaultsMappingsProvider' of type [org.springframework.cloud.client.loadbalancer.LoadBalancerDefaultMappingsProviderAutoConfiguration$$Lambda$1110/0x0000000801634570] is not eligible for getting processed by all BeanPostProcessors (for example: not eligible for auto-proxying). Is this bean getting eagerly injected into a currently created BeanPostProcessor [lbRestClientPostProcessor]? Check the corresponding BeanPostProcessor declaration and its dependencies.
2026-02-04T01:58:48.372-05:00  WARN 26376 --- [users-service] [           main] trationDelegate$BeanPostProcessorChecker : Bean 'defaultsBindHandlerAdvisor' of type [org.springframework.cloud.commons.config.DefaultsBindHandlerAdvisor] is not eligible for getting processed by all BeanPostProcessors (for example: not eligible for auto-proxying). Is this bean getting eagerly injected into a currently created BeanPostProcessor [lbRestClientPostProcessor]? Check the corresponding BeanPostProcessor declaration and its dependencies.
2026-02-04T01:58:48.389-05:00  WARN 26376 --- [users-service] [           main] trationDelegate$BeanPostProcessorChecker : Bean 'spring.cloud.loadbalancer-org.springframework.cloud.client.loadbalancer.LoadBalancerClientsProperties' of type [org.springframework.cloud.client.loadbalancer.LoadBalancerClientsProperties] is not eligible for getting processed by all BeanPostProcessors (for example: not eligible for auto-proxying). Is this bean getting eagerly injected into a currently created BeanPostProcessor [lbRestClientPostProcessor]? Check the corresponding BeanPostProcessor declaration and its dependencies.
2026-02-04T01:58:48.407-05:00  WARN 26376 --- [users-service] [           main] trationDelegate$BeanPostProcessorChecker : Bean 'default.org.springframework.cloud.loadbalancer.config.LoadBalancerAutoConfiguration.LoadBalancerClientSpecification' of type [org.springframework.cloud.loadbalancer.annotation.LoadBalancerClientSpecification] is not eligible for getting processed by all BeanPostProcessors (for example: not eligible for auto-proxying). Is this bean getting eagerly injected into a currently created BeanPostProcessor [lbRestClientPostProcessor]? Check the corresponding BeanPostProcessor declaration and its dependencies.
2026-02-04T01:58:48.408-05:00  WARN 26376 --- [users-service] [           main] trationDelegate$BeanPostProcessorChecker : Bean 'default.org.springframework.cloud.loadbalancer.config.BlockingLoadBalancerClientAutoConfiguration.LoadBalancerClientSpecification' of type [org.springframework.cloud.loadbalancer.annotation.LoadBalancerClientSpecification] is not eligible for getting processed by all BeanPostProcessors (for example: not eligible for auto-proxying). Is this bean getting eagerly injected into a currently created BeanPostProcessor [lbRestClientPostProcessor]? Check the corresponding BeanPostProcessor declaration and its dependencies.
2026-02-04T01:58:48.413-05:00  WARN 26376 --- [users-service] [           main] trationDelegate$BeanPostProcessorChecker : Bean 'loadBalancerClientFactory' of type [org.springframework.cloud.loadbalancer.support.LoadBalancerClientFactory] is not eligible for getting processed by all BeanPostProcessors (for example: not eligible for auto-proxying). Is this bean getting eagerly injected into a currently created BeanPostProcessor [lbRestClientPostProcessor]? Check the corresponding BeanPostProcessor declaration and its dependencies.
2026-02-04T01:58:48.438-05:00  WARN 26376 --- [users-service] [           main] trationDelegate$BeanPostProcessorChecker : Bean 'blockingLoadBalancerClient' of type [org.springframework.cloud.loadbalancer.blocking.client.BlockingLoadBalancerClient] is not eligible for getting processed by all BeanPostProcessors (for example: not eligible for auto-proxying). Is this bean getting eagerly injected into a currently created BeanPostProcessor [lbRestClientPostProcessor]? Check the corresponding BeanPostProcessor declaration and its dependencies.
2026-02-04T01:58:48.451-05:00  WARN 26376 --- [users-service] [           main] trationDelegate$BeanPostProcessorChecker : Bean 'loadBalancerServiceInstanceCookieTransformer' of type [org.springframework.cloud.loadbalancer.core.LoadBalancerServiceInstanceCookieTransformer] is not eligible for getting processed by all BeanPostProcessors (for example: not eligible for auto-proxying). Is this bean getting eagerly injected into a currently created BeanPostProcessor [lbRestClientPostProcessor]? Check the corresponding BeanPostProcessor declaration and its dependencies.
2026-02-04T01:58:48.454-05:00  WARN 26376 --- [users-service] [           main] trationDelegate$BeanPostProcessorChecker : Bean 'xForwarderHeadersTransformer' of type [org.springframework.cloud.loadbalancer.blocking.XForwardedHeadersTransformer] is not eligible for getting processed by all BeanPostProcessors (for example: not eligible for auto-proxying). Is this bean getting eagerly injected into a currently created BeanPostProcessor [lbRestClientPostProcessor]? Check the corresponding BeanPostProcessor declaration and its dependencies.
2026-02-04T01:58:48.468-05:00  WARN 26376 --- [users-service] [           main] trationDelegate$BeanPostProcessorChecker : Bean 'org.springframework.cloud.client.loadbalancer.LoadBalancerAutoConfiguration' of type [org.springframework.cloud.client.loadbalancer.LoadBalancerAutoConfiguration] is not eligible for getting processed by all BeanPostProcessors (for example: not eligible for auto-proxying). Is this bean getting eagerly injected into a currently created BeanPostProcessor [lbRestClientPostProcessor]? Check the corresponding BeanPostProcessor declaration and its dependencies.
2026-02-04T01:58:48.477-05:00  WARN 26376 --- [users-service] [           main] trationDelegate$BeanPostProcessorChecker : Bean 'loadBalancerRequestFactory' of type [org.springframework.cloud.client.loadbalancer.LoadBalancerRequestFactory] is not eligible for getting processed by all BeanPostProcessors (for example: not eligible for auto-proxying). Is this bean getting eagerly injected into a currently created BeanPostProcessor [lbRestClientPostProcessor]? Check the corresponding BeanPostProcessor declaration and its dependencies.
2026-02-04T01:58:48.483-05:00  WARN 26376 --- [users-service] [           main] trationDelegate$BeanPostProcessorChecker : Bean 'loadBalancerInterceptor' of type [org.springframework.cloud.client.loadbalancer.LoadBalancerInterceptor] is not eligible for getting processed by all BeanPostProcessors (for example: not eligible for auto-proxying). Is this bean getting eagerly injected into a currently created BeanPostProcessor [lbRestClientPostProcessor]? Check the corresponding BeanPostProcessor declaration and its dependencies.
2026-02-04T01:58:48.814-05:00  INFO 26376 --- [users-service] [           main] o.hibernate.jpa.internal.util.LogHelper  : HHH000204: Processing PersistenceUnitInfo [name: default]
2026-02-04T01:58:48.948-05:00  INFO 26376 --- [users-service] [           main] org.hibernate.Version                    : HHH000412: Hibernate ORM core version 6.4.1.Final
2026-02-04T01:58:49.050-05:00  INFO 26376 --- [users-service] [           main] o.h.c.internal.RegionFactoryInitiator    : HHH000026: Second-level cache disabled
2026-02-04T01:58:49.254-05:00  INFO 26376 --- [users-service] [           main] o.s.o.j.p.SpringPersistenceUnitInfo      : No LoadTimeWeaver setup: ignoring JPA class transformer
2026-02-04T01:58:49.298-05:00  INFO 26376 --- [users-service] [           main] com.zaxxer.hikari.HikariDataSource       : HikariPool-1 - Starting...
2026-02-04T01:58:49.894-05:00  INFO 26376 --- [users-service] [           main] com.zaxxer.hikari.pool.HikariPool        : HikariPool-1 - Added connection conn0: url=jdbc:h2:mem:testdb user=SA
2026-02-04T01:58:49.899-05:00  INFO 26376 --- [users-service] [           main] com.zaxxer.hikari.HikariDataSource       : HikariPool-1 - Start completed.
2026-02-04T01:58:49.976-05:00  WARN 26376 --- [users-service] [           main] org.hibernate.dialect.Dialect            : HHH000511: The 2.2.0 version for [org.hibernate.dialect.PostgreSQLDialect] is no longer supported, hence certain features may not work properly. The minimum supported version is 12.0.0. Check the community dialects project for available legacy versions.
2026-02-04T01:58:49.985-05:00  WARN 26376 --- [users-service] [           main] org.hibernate.orm.deprecation            : HHH90000025: PostgreSQLDialect does not need to be specified explicitly using 'hibernate.dialect' (remove the property setting and it will be selected by default)
2026-02-04T01:58:51.722-05:00  INFO 26376 --- [users-service] [           main] o.h.e.t.j.p.i.JtaPlatformInitiator       : HHH000489: No JTA platform available (set 'hibernate.transaction.jta.platform' to enable JTA platform integration)
2026-02-04T01:58:51.843-05:00  INFO 26376 --- [users-service] [           main] j.LocalContainerEntityManagerFactoryBean : Initialized JPA EntityManagerFactory for persistence unit 'default'
2026-02-04T01:58:52.728-05:00  WARN 26376 --- [users-service] [           main] JpaBaseConfiguration$JpaWebConfiguration : spring.jpa.open-in-view is enabled by default. Therefore, database queries may be performed during view rendering. Explicitly configure spring.jpa.open-in-view to disable this warning
2026-02-04T01:58:52.789-05:00  WARN 26376 --- [users-service] [           main] .s.s.UserDetailsServiceAutoConfiguration : 

Using generated security password: ad5096ac-113e-4d91-9b64-7d8dfd79a7a4

This generated password is for development use only. Your security configuration must be updated before running your application in production.

2026-02-04T01:58:53.440-05:00  INFO 26376 --- [users-service] [           main] o.s.s.web.DefaultSecurityFilterChain     : Will secure any request with [org.springframework.security.web.session.DisableEncodeUrlFilter@379def3d, org.springframework.security.web.context.request.async.WebAsyncManagerIntegrationFilter@318979ec, org.springframework.security.web.context.SecurityContextHolderFilter@4111bcd6, org.springframework.security.web.header.HeaderWriterFilter@1bec36ee, org.springframework.web.filter.CorsFilter@591de409, org.springframework.security.web.authentication.logout.LogoutFilter@2ac665a, org.springframework.security.web.authentication.www.BasicAuthenticationFilter@4705ef23, org.springframework.security.web.savedrequest.RequestCacheAwareFilter@1f7d003f, org.springframework.security.web.servletapi.SecurityContextHolderAwareRequestFilter@b3013ba, org.springframework.security.web.authentication.AnonymousAuthenticationFilter@1d799dea, org.springframework.security.web.access.ExceptionTranslationFilter@304035e4, org.springframework.security.web.access.intercept.AuthorizationFilter@12446614]
2026-02-04T01:58:54.081-05:00  INFO 26376 --- [users-service] [           main] o.s.b.a.h2.H2ConsoleAutoConfiguration    : H2 console available at '/h2-console'. Database available at 'jdbc:h2:mem:testdb'
2026-02-04T01:58:54.386-05:00  INFO 26376 --- [users-service] [           main] DiscoveryClientOptionalArgsConfiguration : Eureka HTTP Client uses RestTemplate.
2026-02-04T01:58:54.432-05:00  WARN 26376 --- [users-service] [           main] iguration$LoadBalancerCaffeineWarnLogger : Spring Cloud LoadBalancer is currently working with the default cache. While this cache implementation is useful for development and tests, it's recommended to use Caffeine cache in production.You can switch to using Caffeine cache, by adding it and org.springframework.cache.caffeine.CaffeineCacheManager to the classpath.
2026-02-04T01:58:54.456-05:00  INFO 26376 --- [users-service] [           main] c.p.users.config.ModelMapperConfigTest   : Started ModelMapperConfigTest in 12.534 seconds (process running for 22.873)
[INFO] Tests run: 8, Failures: 0, Errors: 0, Skipped: 0, Time elapsed: 15.53 s -- in com.portfolio.users.config.ModelMapperConfigTest
[INFO] Running com.portfolio.users.config.SecurityConfigTest
2026-02-04T01:58:54.638-05:00  INFO 26376 --- [users-service] [           main] t.c.s.AnnotationConfigContextLoaderUtils : Could not detect default configuration classes for test class [com.portfolio.users.config.SecurityConfigTest]: SecurityConfigTest does not declare any static, non-private, non-final, nested classes annotated with @Configuration.
2026-02-04T01:58:54.640-05:00  INFO 26376 --- [users-service] [           main] .b.t.c.SpringBootTestContextBootstrapper : Found @SpringBootConfiguration com.portfolio.UsersServiceApplication for test class com.portfolio.users.config.SecurityConfigTest
[INFO] Tests run: 9, Failures: 0, Errors: 0, Skipped: 0, Time elapsed: 1.914 s -- in com.portfolio.users.config.SecurityConfigTest
[INFO] Running com.portfolio.users.dataAccessLayer.entity.BaseEntityTest
[INFO] Tests run: 16, Failures: 0, Errors: 0, Skipped: 0, Time elapsed: 0.065 s -- in com.portfolio.users.dataAccessLayer.entity.BaseEntityTest
[INFO] Running com.portfolio.users.dataAccessLayer.entity.UserTest
[INFO] Tests run: 29, Failures: 0, Errors: 0, Skipped: 0, Time elapsed: 0.111 s -- in com.portfolio.users.dataAccessLayer.entity.UserTest
[INFO] Running com.portfolio.users.dataAccessLayer.repository.UserRepositoryTest
2026-02-04T01:58:56.761-05:00  INFO 26376 --- [users-service] [           main] t.c.s.AnnotationConfigContextLoaderUtils : Could not detect default configuration classes for test class [com.portfolio.users.dataAccessLayer.repository.UserRepositoryTest]: UserRepositoryTest does not declare any static, non-private, non-final, nested classes annotated with @Configuration.
2026-02-04T01:58:56.832-05:00  INFO 26376 --- [users-service] [           main] .b.t.c.SpringBootTestContextBootstrapper : Found @SpringBootConfiguration com.portfolio.UsersServiceApplication for test class com.portfolio.users.dataAccessLayer.repository.UserRepositoryTest

  .   ____          _            __ _ _
 /\\ / ___'_ __ _ _(_)_ __  __ _ \ \ \ \
( ( )\___ | '_ | '_| | '_ \/ _` | \ \ \ \
 \\/  ___)| |_)| | | | | || (_| |  ) ) ) )
  '  |____| .__|_| |_|_| |_\__, | / / / /
 =========|_|==============|___/=/_/_/_/
 :: Spring Boot ::                (v3.2.1)

2026-02-04T01:58:57.083-05:00  INFO 26376 --- [users-service] [           main] c.p.u.d.repository.UserRepositoryTest    : Starting UserRepositoryTest using Java 19.0.2 with PID 26376 (started by JD in C:\Final Project\Virtual Portfolio\backend\users-service)
2026-02-04T01:58:57.084-05:00 DEBUG 26376 --- [users-service] [           main] c.p.u.d.repository.UserRepositoryTest    : Running with Spring Boot v3.2.1, Spring v6.1.2
2026-02-04T01:58:57.084-05:00  INFO 26376 --- [users-service] [           main] c.p.u.d.repository.UserRepositoryTest    : The following 1 profile is active: "test"
2026-02-04T01:58:57.287-05:00  INFO 26376 --- [users-service] [           main] .s.d.r.c.RepositoryConfigurationDelegate : Bootstrapping Spring Data JPA repositories in DEFAULT mode.
2026-02-04T01:58:57.321-05:00  INFO 26376 --- [users-service] [           main] .s.d.r.c.RepositoryConfigurationDelegate : Finished Spring Data repository scanning in 33 ms. Found 1 JPA repository interface.
2026-02-04T01:58:57.356-05:00  INFO 26376 --- [users-service] [           main] beddedDataSourceBeanFactoryPostProcessor : Replacing 'dataSource' DataSource bean with embedded version
2026-02-04T01:58:57.404-05:00  INFO 26376 --- [users-service] [           main] o.s.j.d.e.EmbeddedDatabaseFactory        : Starting embedded database: url='jdbc:h2:mem:7899ea82-a9d5-416c-abf7-6f4c5ee07c1d;DB_CLOSE_DELAY=-1;DB_CLOSE_ON_EXIT=false', username='sa'
2026-02-04T01:58:57.466-05:00  INFO 26376 --- [users-service] [           main] o.hibernate.jpa.internal.util.LogHelper  : HHH000204: Processing PersistenceUnitInfo [name: default]
2026-02-04T01:58:57.470-05:00  INFO 26376 --- [users-service] [           main] o.h.c.internal.RegionFactoryInitiator    : HHH000026: Second-level cache disabled
2026-02-04T01:58:57.485-05:00  INFO 26376 --- [users-service] [           main] o.s.o.j.p.SpringPersistenceUnitInfo      : No LoadTimeWeaver setup: ignoring JPA class transformer
2026-02-04T01:58:57.489-05:00  WARN 26376 --- [users-service] [           main] org.hibernate.dialect.Dialect            : HHH000511: The 2.2.0 version for [org.hibernate.dialect.PostgreSQLDialect] is no longer supported, hence certain features may not work properly. The minimum supported version is 12.0.0. Check the community dialects project for available legacy versions.
2026-02-04T01:58:57.489-05:00  WARN 26376 --- [users-service] [           main] org.hibernate.orm.deprecation            : HHH90000025: PostgreSQLDialect does not need to be specified explicitly using 'hibernate.dialect' (remove the property setting and it will be selected by default)
2026-02-04T01:58:57.620-05:00  INFO 26376 --- [users-service] [           main] o.h.e.t.j.p.i.JtaPlatformInitiator       : HHH000489: No JTA platform available (set 'hibernate.transaction.jta.platform' to enable JTA platform integration)
Hibernate: drop table if exists users cascade
Hibernate: create table users (active boolean not null, created_at timestamp(6) not null, id bigserial not null, updated_at timestamp(6) not null, email varchar(255) not null unique, full_name varchar(255) not null, password varchar(255) not null, role varchar(255) not null check (role in ('ADMIN','USER')), primary key (id))
2026-02-04T01:58:57.628-05:00  INFO 26376 --- [users-service] [           main] j.LocalContainerEntityManagerFactoryBean : Initialized JPA EntityManagerFactory for persistence unit 'default'
2026-02-04T01:58:57.750-05:00  INFO 26376 --- [users-service] [           main] c.p.u.d.repository.UserRepositoryTest    : Started UserRepositoryTest in 0.915 seconds (process running for 26.167)
Hibernate: select u1_0.id,u1_0.active,u1_0.created_at,u1_0.email,u1_0.full_name,u1_0.password,u1_0.role,u1_0.updated_at from users u1_0
Hibernate: insert into users (active,created_at,email,full_name,password,role,updated_at) values (?,?,?,?,?,?,?)
Hibernate: select u1_0.id,u1_0.active,u1_0.created_at,u1_0.email,u1_0.full_name,u1_0.password,u1_0.role,u1_0.updated_at from users u1_0 where u1_0.email=?
Hibernate: select u1_0.id,u1_0.active,u1_0.created_at,u1_0.email,u1_0.full_name,u1_0.password,u1_0.role,u1_0.updated_at from users u1_0
Hibernate: insert into users (active,created_at,email,full_name,password,role,updated_at) values (?,?,?,?,?,?,?)
Hibernate: select u1_0.id,u1_0.active,u1_0.created_at,u1_0.email,u1_0.full_name,u1_0.password,u1_0.role,u1_0.updated_at from users u1_0
Hibernate: insert into users (active,created_at,email,full_name,password,role,updated_at) values (?,?,?,?,?,?,?)
Hibernate: select u1_0.id,u1_0.active,u1_0.created_at,u1_0.email,u1_0.full_name,u1_0.password,u1_0.role,u1_0.updated_at from users u1_0 where u1_0.email=?
Hibernate: select u1_0.id,u1_0.active,u1_0.created_at,u1_0.email,u1_0.full_name,u1_0.password,u1_0.role,u1_0.updated_at from users u1_0
Hibernate: select u1_0.id from users u1_0 where u1_0.email=? fetch first ? rows only
Hibernate: select u1_0.id,u1_0.active,u1_0.created_at,u1_0.email,u1_0.full_name,u1_0.password,u1_0.role,u1_0.updated_at from users u1_0
Hibernate: insert into users (active,created_at,email,full_name,password,role,updated_at) values (?,?,?,?,?,?,?)
Hibernate: select u1_0.id from users u1_0 where u1_0.email=? fetch first ? rows only
Hibernate: select u1_0.id,u1_0.active,u1_0.created_at,u1_0.email,u1_0.full_name,u1_0.password,u1_0.role,u1_0.updated_at from users u1_0
Hibernate: insert into users (active,created_at,email,full_name,password,role,updated_at) values (?,?,?,?,?,?,?)
Hibernate: insert into users (active,created_at,email,full_name,password,role,updated_at) values (?,?,?,?,?,?,?)
2026-02-04T01:58:58.340-05:00  WARN 26376 --- [users-service] [           main] o.h.engine.jdbc.spi.SqlExceptionHelper   : SQL Error: 23505, SQLState: 23505
2026-02-04T01:58:58.340-05:00 ERROR 26376 --- [users-service] [           main] o.h.engine.jdbc.spi.SqlExceptionHelper   : Unique index or primary key violation: "PUBLIC.CONSTRAINT_INDEX_4 ON PUBLIC.USERS(EMAIL NULLS FIRST) VALUES ( /* 5 */ 'test@example.com' )"; SQL statement:
insert into users (active,created_at,email,full_name,password,role,updated_at) values (?,?,?,?,?,?,?) [23505-224]
Hibernate: select u1_0.id,u1_0.active,u1_0.created_at,u1_0.email,u1_0.full_name,u1_0.password,u1_0.role,u1_0.updated_at from users u1_0
Hibernate: insert into users (active,created_at,email,full_name,password,role,updated_at) values (?,?,?,?,?,?,?)
Hibernate: select u1_0.id,u1_0.active,u1_0.created_at,u1_0.email,u1_0.full_name,u1_0.password,u1_0.role,u1_0.updated_at from users u1_0
Hibernate: insert into users (active,created_at,email,full_name,password,role,updated_at) values (?,?,?,?,?,?,?)
Hibernate: select u1_0.id,u1_0.active,u1_0.created_at,u1_0.email,u1_0.full_name,u1_0.password,u1_0.role,u1_0.updated_at from users u1_0
Hibernate: insert into users (active,created_at,email,full_name,password,role,updated_at) values (?,?,?,?,?,?,?)
Hibernate: select u1_0.id,u1_0.active,u1_0.created_at,u1_0.email,u1_0.full_name,u1_0.password,u1_0.role,u1_0.updated_at from users u1_0
Hibernate: insert into users (active,created_at,email,full_name,password,role,updated_at) values (?,?,?,?,?,?,?)
Hibernate: insert into users (active,created_at,email,full_name,password,role,updated_at) values (?,?,?,?,?,?,?)
Hibernate: select u1_0.id,u1_0.active,u1_0.created_at,u1_0.email,u1_0.full_name,u1_0.password,u1_0.role,u1_0.updated_at from users u1_0
Hibernate: select u1_0.id,u1_0.active,u1_0.created_at,u1_0.email,u1_0.full_name,u1_0.password,u1_0.role,u1_0.updated_at from users u1_0
Hibernate: select u1_0.id,u1_0.active,u1_0.created_at,u1_0.email,u1_0.full_name,u1_0.password,u1_0.role,u1_0.updated_at from users u1_0 where u1_0.email=?
[INFO] Tests run: 11, Failures: 0, Errors: 0, Skipped: 0, Time elapsed: 1.689 s -- in com.portfolio.users.dataAccessLayer.repository.UserRepositoryTest
[INFO] Running com.portfolio.users.mappingLayer.dto.LoginRequestTest
[INFO] Tests run: 28, Failures: 0, Errors: 0, Skipped: 0, Time elapsed: 0.035 s -- in com.portfolio.users.mappingLayer.dto.LoginRequestTest
[INFO] Running com.portfolio.users.mappingLayer.dto.LoginResponseTest
[INFO] Tests run: 30, Failures: 0, Errors: 0, Skipped: 0, Time elapsed: 0.057 s -- in com.portfolio.users.mappingLayer.dto.LoginResponseTest
[INFO] Running com.portfolio.users.mappingLayer.dto.UserDTOTest
[INFO] Tests run: 34, Failures: 0, Errors: 0, Skipped: 0, Time elapsed: 0.040 s -- in com.portfolio.users.mappingLayer.dto.UserDTOTest
[INFO] Running com.portfolio.users.mappingLayer.mapper.UserMapperTest
2026-02-04T01:58:58.574-05:00  INFO 26376 --- [users-service] [           main] t.c.s.AnnotationConfigContextLoaderUtils : Could not detect default configuration classes for test class [com.portfolio.users.mappingLayer.mapper.UserMapperTest]: UserMapperTest does not declare any static, non-private, non-final, nested classes annotated with @Configuration.
2026-02-04T01:58:58.599-05:00  INFO 26376 --- [users-service] [           main] .b.t.c.SpringBootTestContextBootstrapper : Found @SpringBootConfiguration com.portfolio.UsersServiceApplication for test class com.portfolio.users.mappingLayer.mapper.UserMapperTest
[INFO] Tests run: 11, Failures: 0, Errors: 0, Skipped: 0, Time elapsed: 0.074 s -- in com.portfolio.users.mappingLayer.mapper.UserMapperTest
[INFO] Running com.portfolio.users.presentationLayer.controller.AuthControllerIntegrationTest
2026-02-04T01:58:58.653-05:00  INFO 26376 --- [users-service] [           main] t.c.s.AnnotationConfigContextLoaderUtils : Could not detect default configuration classes for test class [com.portfolio.users.presentationLayer.controller.AuthControllerIntegrationTest]: AuthControllerIntegrationTest does not declare any static, non-private, non-final, nested classes annotated with @Configuration.
2026-02-04T01:58:58.680-05:00  INFO 26376 --- [users-service] [           main] .b.t.c.SpringBootTestContextBootstrapper : Found @SpringBootConfiguration com.portfolio.UsersServiceApplication for test class com.portfolio.users.presentationLayer.controller.AuthControllerIntegrationTest

  .   ____          _            __ _ _
 /\\ / ___'_ __ _ _(_)_ __  __ _ \ \ \ \
( ( )\___ | '_ | '_| | '_ \/ _` | \ \ \ \
 \\/  ___)| |_)| | | | | || (_| |  ) ) ) )
  '  |____| .__|_| |_|_| |_\__, | / / / /
 =========|_|==============|___/=/_/_/_/
 :: Spring Boot ::                (v3.2.1)

2026-02-04T01:58:58.889-05:00  INFO 26376 --- [users-service] [           main] c.p.u.p.c.AuthControllerIntegrationTest  : Starting AuthControllerIntegrationTest using Java 19.0.2 with PID 26376 (started by JD in C:\Final Project\Virtual Portfolio\backend\users-service)
2026-02-04T01:58:58.889-05:00 DEBUG 26376 --- [users-service] [           main] c.p.u.p.c.AuthControllerIntegrationTest  : Running with Spring Boot v3.2.1, Spring v6.1.2
2026-02-04T01:58:58.889-05:00  INFO 26376 --- [users-service] [           main] c.p.u.p.c.AuthControllerIntegrationTest  : The following 1 profile is active: "test"
2026-02-04T01:58:59.209-05:00  INFO 26376 --- [users-service] [           main] .s.d.r.c.RepositoryConfigurationDelegate : Bootstrapping Spring Data JPA repositories in DEFAULT mode.
2026-02-04T01:58:59.225-05:00  INFO 26376 --- [users-service] [           main] .s.d.r.c.RepositoryConfigurationDelegate : Finished Spring Data repository scanning in 15 ms. Found 1 JPA repository interface.
2026-02-04T01:58:59.343-05:00  INFO 26376 --- [users-service] [           main] o.s.cloud.context.scope.GenericScope     : BeanFactory id=a12b60da-cc05-3b78-85c2-220dfff5fd11
2026-02-04T01:58:59.372-05:00  WARN 26376 --- [users-service] [           main] trationDelegate$BeanPostProcessorChecker : Bean 'org.springframework.cloud.client.loadbalancer.LoadBalancerAutoConfiguration$LoadBalancerInterceptorConfig' of type [org.springframework.cloud.client.loadbalancer.LoadBalancerAutoConfiguration$LoadBalancerInterceptorConfig] is not eligible for getting processed by all BeanPostProcessors (for example: not eligible for auto-proxying). The currently created BeanPostProcessor [lbRestClientPostProcessor] is declared through a non-static factory method on that class; consider declaring it as static instead.
2026-02-04T01:58:59.374-05:00  WARN 26376 --- [users-service] [           main] trationDelegate$BeanPostProcessorChecker : Bean 'org.springframework.cloud.loadbalancer.config.BlockingLoadBalancerClientAutoConfiguration' of type [org.springframework.cloud.loadbalancer.config.BlockingLoadBalancerClientAutoConfiguration] is not eligible for getting processed by all BeanPostProcessors (for example: not eligible for auto-proxying). Is this bean getting eagerly injected into a currently created BeanPostProcessor [lbRestClientPostProcessor]? Check the corresponding BeanPostProcessor declaration and its dependencies.
2026-02-04T01:58:59.377-05:00  WARN 26376 --- [users-service] [           main] trationDelegate$BeanPostProcessorChecker : Bean 'org.springframework.cloud.loadbalancer.config.LoadBalancerAutoConfiguration' of type [org.springframework.cloud.loadbalancer.config.LoadBalancerAutoConfiguration] is not eligible for getting processed by all BeanPostProcessors (for example: not eligible for auto-proxying). Is this bean getting eagerly injected into a currently created BeanPostProcessor [lbRestClientPostProcessor]? Check the corresponding BeanPostProcessor declaration and its dependencies.
2026-02-04T01:58:59.379-05:00  WARN 26376 --- [users-service] [           main] trationDelegate$BeanPostProcessorChecker : Bean 'org.springframework.cloud.commons.config.CommonsConfigAutoConfiguration' of type [org.springframework.cloud.commons.config.CommonsConfigAutoConfiguration] is not eligible for getting processed by all BeanPostProcessors (for example: not eligible for auto-proxying). Is this bean getting eagerly injected into a currently created BeanPostProcessor [lbRestClientPostProcessor]? Check the corresponding BeanPostProcessor declaration and its dependencies.
2026-02-04T01:58:59.380-05:00  WARN 26376 --- [users-service] [           main] trationDelegate$BeanPostProcessorChecker : Bean 'org.springframework.cloud.client.loadbalancer.LoadBalancerDefaultMappingsProviderAutoConfiguration' of type [org.springframework.cloud.client.loadbalancer.LoadBalancerDefaultMappingsProviderAutoConfiguration] is not eligible for getting processed by all BeanPostProcessors (for example: not eligible for auto-proxying). Is this bean getting eagerly injected into a currently created BeanPostProcessor [lbRestClientPostProcessor]? Check the corresponding BeanPostProcessor declaration and its dependencies.
2026-02-04T01:58:59.381-05:00  WARN 26376 --- [users-service] [           main] trationDelegate$BeanPostProcessorChecker : Bean 'loadBalancerClientsDefaultsMappingsProvider' of type [org.springframework.cloud.client.loadbalancer.LoadBalancerDefaultMappingsProviderAutoConfiguration$$Lambda$1110/0x0000000801634570] is not eligible for getting processed by all BeanPostProcessors (for example: not eligible for auto-proxying). Is this bean getting eagerly injected into a currently created BeanPostProcessor [lbRestClientPostProcessor]? Check the corresponding BeanPostProcessor declaration and its dependencies.
2026-02-04T01:58:59.383-05:00  WARN 26376 --- [users-service] [           main] trationDelegate$BeanPostProcessorChecker : Bean 'defaultsBindHandlerAdvisor' of type [org.springframework.cloud.commons.config.DefaultsBindHandlerAdvisor] is not eligible for getting processed by all BeanPostProcessors (for example: not eligible for auto-proxying). Is this bean getting eagerly injected into a currently created BeanPostProcessor [lbRestClientPostProcessor]? Check the corresponding BeanPostProcessor declaration and its dependencies.
2026-02-04T01:58:59.387-05:00  WARN 26376 --- [users-service] [           main] trationDelegate$BeanPostProcessorChecker : Bean 'spring.cloud.loadbalancer-org.springframework.cloud.client.loadbalancer.LoadBalancerClientsProperties' of type [org.springframework.cloud.client.loadbalancer.LoadBalancerClientsProperties] is not eligible for getting processed by all BeanPostProcessors (for example: not eligible for auto-proxying). Is this bean getting eagerly injected into a currently created BeanPostProcessor [lbRestClientPostProcessor]? Check the corresponding BeanPostProcessor declaration and its dependencies.
2026-02-04T01:58:59.388-05:00  WARN 26376 --- [users-service] [           main] trationDelegate$BeanPostProcessorChecker : Bean 'default.org.springframework.cloud.loadbalancer.config.LoadBalancerAutoConfiguration.LoadBalancerClientSpecification' of type [org.springframework.cloud.loadbalancer.annotation.LoadBalancerClientSpecification] is not eligible for getting processed by all BeanPostProcessors (for example: not eligible for auto-proxying). Is this bean getting eagerly injected into a currently created BeanPostProcessor [lbRestClientPostProcessor]? Check the corresponding BeanPostProcessor declaration and its dependencies.
2026-02-04T01:58:59.390-05:00  WARN 26376 --- [users-service] [           main] trationDelegate$BeanPostProcessorChecker : Bean 'default.org.springframework.cloud.loadbalancer.config.BlockingLoadBalancerClientAutoConfiguration.LoadBalancerClientSpecification' of type [org.springframework.cloud.loadbalancer.annotation.LoadBalancerClientSpecification] is not eligible for getting processed by all BeanPostProcessors (for example: not eligible for auto-proxying). Is this bean getting eagerly injected into a currently created BeanPostProcessor [lbRestClientPostProcessor]? Check the corresponding BeanPostProcessor declaration and its dependencies.
2026-02-04T01:58:59.390-05:00  WARN 26376 --- [users-service] [           main] trationDelegate$BeanPostProcessorChecker : Bean 'loadBalancerClientFactory' of type [org.springframework.cloud.loadbalancer.support.LoadBalancerClientFactory] is not eligible for getting processed by all BeanPostProcessors (for example: not eligible for auto-proxying). Is this bean getting eagerly injected into a currently created BeanPostProcessor [lbRestClientPostProcessor]? Check the corresponding BeanPostProcessor declaration and its dependencies.
2026-02-04T01:58:59.390-05:00  WARN 26376 --- [users-service] [           main] trationDelegate$BeanPostProcessorChecker : Bean 'blockingLoadBalancerClient' of type [org.springframework.cloud.loadbalancer.blocking.client.BlockingLoadBalancerClient] is not eligible for getting processed by all BeanPostProcessors (for example: not eligible for auto-proxying). Is this bean getting eagerly injected into a currently created BeanPostProcessor [lbRestClientPostProcessor]? Check the corresponding BeanPostProcessor declaration and its dependencies.
2026-02-04T01:58:59.394-05:00  WARN 26376 --- [users-service] [           main] trationDelegate$BeanPostProcessorChecker : Bean 'loadBalancerServiceInstanceCookieTransformer' of type [org.springframework.cloud.loadbalancer.core.LoadBalancerServiceInstanceCookieTransformer] is not eligible for getting processed by all BeanPostProcessors (for example: not eligible for auto-proxying). Is this bean getting eagerly injected into a currently created BeanPostProcessor [lbRestClientPostProcessor]? Check the corresponding BeanPostProcessor declaration and its dependencies.
2026-02-04T01:58:59.395-05:00  WARN 26376 --- [users-service] [           main] trationDelegate$BeanPostProcessorChecker : Bean 'xForwarderHeadersTransformer' of type [org.springframework.cloud.loadbalancer.blocking.XForwardedHeadersTransformer] is not eligible for getting processed by all BeanPostProcessors (for example: not eligible for auto-proxying). Is this bean getting eagerly injected into a currently created BeanPostProcessor [lbRestClientPostProcessor]? Check the corresponding BeanPostProcessor declaration and its dependencies.
2026-02-04T01:58:59.396-05:00  WARN 26376 --- [users-service] [           main] trationDelegate$BeanPostProcessorChecker : Bean 'org.springframework.cloud.client.loadbalancer.LoadBalancerAutoConfiguration' of type [org.springframework.cloud.client.loadbalancer.LoadBalancerAutoConfiguration] is not eligible for getting processed by all BeanPostProcessors (for example: not eligible for auto-proxying). Is this bean getting eagerly injected into a currently created BeanPostProcessor [lbRestClientPostProcessor]? Check the corresponding BeanPostProcessor declaration and its dependencies.
2026-02-04T01:58:59.396-05:00  WARN 26376 --- [users-service] [           main] trationDelegate$BeanPostProcessorChecker : Bean 'loadBalancerRequestFactory' of type [org.springframework.cloud.client.loadbalancer.LoadBalancerRequestFactory] is not eligible for getting processed by all BeanPostProcessors (for example: not eligible for auto-proxying). Is this bean getting eagerly injected into a currently created BeanPostProcessor [lbRestClientPostProcessor]? Check the corresponding BeanPostProcessor declaration and its dependencies.
2026-02-04T01:58:59.397-05:00  WARN 26376 --- [users-service] [           main] trationDelegate$BeanPostProcessorChecker : Bean 'loadBalancerInterceptor' of type [org.springframework.cloud.client.loadbalancer.LoadBalancerInterceptor] is not eligible for getting processed by all BeanPostProcessors (for example: not eligible for auto-proxying). Is this bean getting eagerly injected into a currently created BeanPostProcessor [lbRestClientPostProcessor]? Check the corresponding BeanPostProcessor declaration and its dependencies.
2026-02-04T01:58:59.437-05:00  INFO 26376 --- [users-service] [           main] o.hibernate.jpa.internal.util.LogHelper  : HHH000204: Processing PersistenceUnitInfo [name: default]
2026-02-04T01:58:59.440-05:00  INFO 26376 --- [users-service] [           main] o.h.c.internal.RegionFactoryInitiator    : HHH000026: Second-level cache disabled
2026-02-04T01:58:59.447-05:00  INFO 26376 --- [users-service] [           main] o.s.o.j.p.SpringPersistenceUnitInfo      : No LoadTimeWeaver setup: ignoring JPA class transformer
2026-02-04T01:58:59.448-05:00  INFO 26376 --- [users-service] [           main] com.zaxxer.hikari.HikariDataSource       : HikariPool-2 - Starting...
2026-02-04T01:58:59.450-05:00  INFO 26376 --- [users-service] [           main] com.zaxxer.hikari.pool.HikariPool        : HikariPool-2 - Added connection conn25: url=jdbc:h2:mem:testdb user=SA
2026-02-04T01:58:59.450-05:00  INFO 26376 --- [users-service] [           main] com.zaxxer.hikari.HikariDataSource       : HikariPool-2 - Start completed.
2026-02-04T01:58:59.451-05:00  WARN 26376 --- [users-service] [           main] org.hibernate.dialect.Dialect            : HHH000511: The 2.2.0 version for [org.hibernate.dialect.PostgreSQLDialect] is no longer supported, hence certain features may not work properly. The minimum supported version is 12.0.0. Check the community dialects project for available legacy versions.
2026-02-04T01:58:59.451-05:00  WARN 26376 --- [users-service] [           main] org.hibernate.orm.deprecation            : HHH90000025: PostgreSQLDialect does not need to be specified explicitly using 'hibernate.dialect' (remove the property setting and it will be selected by default)
2026-02-04T01:58:59.531-05:00  INFO 26376 --- [users-service] [           main] o.h.e.t.j.p.i.JtaPlatformInitiator       : HHH000489: No JTA platform available (set 'hibernate.transaction.jta.platform' to enable JTA platform integration)
2026-02-04T01:58:59.540-05:00  INFO 26376 --- [users-service] [           main] j.LocalContainerEntityManagerFactoryBean : Initialized JPA EntityManagerFactory for persistence unit 'default'
2026-02-04T01:58:59.578-05:00  WARN 26376 --- [users-service] [           main] JpaBaseConfiguration$JpaWebConfiguration : spring.jpa.open-in-view is enabled by default. Therefore, database queries may be performed during view rendering. Explicitly configure spring.jpa.open-in-view to disable this warning
2026-02-04T01:58:59.584-05:00  WARN 26376 --- [users-service] [           main] .s.s.UserDetailsServiceAutoConfiguration : 

Using generated security password: 562f9468-c272-47c7-93ee-02977481ef94

This generated password is for development use only. Your security configuration must be updated before running your application in production.

2026-02-04T01:58:59.674-05:00  INFO 26376 --- [users-service] [           main] o.s.s.web.DefaultSecurityFilterChain     : Will secure any request with [org.springframework.security.web.session.DisableEncodeUrlFilter@68dcd6d4, org.springframework.security.web.context.request.async.WebAsyncManagerIntegrationFilter@5f1c5f21, org.springframework.security.web.context.SecurityContextHolderFilter@6e458853, org.springframework.security.web.header.HeaderWriterFilter@26562e34, org.springframework.web.filter.CorsFilter@2a34bf0c, org.springframework.security.web.authentication.logout.LogoutFilter@65ba0467, org.springframework.security.web.authentication.www.BasicAuthenticationFilter@5df06831, org.springframework.security.web.savedrequest.RequestCacheAwareFilter@4f9ca461, org.springframework.security.web.servletapi.SecurityContextHolderAwareRequestFilter@304fa868, org.springframework.security.web.authentication.AnonymousAuthenticationFilter@74dbfb9b, org.springframework.security.web.access.ExceptionTranslationFilter@6aa2b1d3, org.springframework.security.web.access.intercept.AuthorizationFilter@26ee668]
2026-02-04T01:58:59.769-05:00  INFO 26376 --- [users-service] [           main] o.s.b.a.h2.H2ConsoleAutoConfiguration    : H2 console available at '/h2-console'. Database available at 'jdbc:h2:mem:testdb'
2026-02-04T01:58:59.850-05:00  INFO 26376 --- [users-service] [           main] o.s.b.t.m.w.SpringBootMockServletContext : Initializing Spring TestDispatcherServlet ''
2026-02-04T01:58:59.850-05:00  INFO 26376 --- [users-service] [           main] o.s.t.web.servlet.TestDispatcherServlet  : Initializing Servlet ''
2026-02-04T01:58:59.851-05:00  INFO 26376 --- [users-service] [           main] o.s.t.web.servlet.TestDispatcherServlet  : Completed initialization in 1 ms
2026-02-04T01:59:00.024-05:00  INFO 26376 --- [users-service] [           main] DiscoveryClientOptionalArgsConfiguration : Eureka HTTP Client uses RestTemplate.
2026-02-04T01:59:00.031-05:00  WARN 26376 --- [users-service] [           main] iguration$LoadBalancerCaffeineWarnLogger : Spring Cloud LoadBalancer is currently working with the default cache. While this cache implementation is useful for development and tests, it's recommended to use Caffeine cache in production.You can switch to using Caffeine cache, by adding it and org.springframework.cache.caffeine.CaffeineCacheManager to the classpath.
2026-02-04T01:59:00.040-05:00  INFO 26376 --- [users-service] [           main] c.p.u.p.c.AuthControllerIntegrationTest  : Started AuthControllerIntegrationTest in 1.353 seconds (process running for 28.457)
2026-02-04T01:59:00.372-05:00  WARN 26376 --- [users-service] [           main] .w.s.m.s.DefaultHandlerExceptionResolver : Resolved [org.springframework.web.bind.MethodArgumentNotValidException: Validation failed for argument [0] in public org.springframework.http.ResponseEntity<com.portfolio.users.mappingLayer.dto.LoginResponse> com.portfolio.users.presentationLayer.controller.AuthController.login(com.portfolio.users.mappingLayer.dto.LoginRequest): [Field error in object 'loginRequest' on field 'password': rejected value [pass]; codes [Size.loginRequest.password,Size.password,Size.java.lang.String,Size]; arguments [org.springframework.context.support.DefaultMessageSourceResolvable: codes [loginRequest.password,password]; arguments []; default message [password],2147483647,6]; default message [Password should have at least 6 characters]] ]
2026-02-04T01:59:00.400-05:00  WARN 26376 --- [users-service] [           main] .w.s.m.s.DefaultHandlerExceptionResolver : Resolved [org.springframework.web.bind.MethodArgumentNotValidException: Validation failed for argument [0] in public org.springframework.http.ResponseEntity<com.portfolio.users.mappingLayer.dto.LoginResponse> com.portfolio.users.presentationLayer.controller.AuthController.login(com.portfolio.users.mappingLayer.dto.LoginRequest): [Field error in object 'loginRequest' on field 'email': rejected value [null]; codes [NotBlank.loginRequest.email,NotBlank.email,NotBlank.java.lang.String,NotBlank]; arguments [org.springframework.context.support.DefaultMessageSourceResolvable: codes [loginRequest.email,email]; arguments []; default message [email]]; default message [Email is required]] ]
2026-02-04T01:59:00.547-05:00  WARN 26376 --- [users-service] [           main] .w.s.m.s.DefaultHandlerExceptionResolver : Resolved [org.springframework.web.bind.MethodArgumentNotValidException: Validation failed for argument [0] in public org.springframework.http.ResponseEntity<com.portfolio.users.mappingLayer.dto.LoginResponse> com.portfolio.users.presentationLayer.controller.AuthController.login(com.portfolio.users.mappingLayer.dto.LoginRequest): [Field error in object 'loginRequest' on field 'email': rejected value [invalid-email]; codes [Email.loginRequest.email,Email.email,Email.java.lang.String,Email]; arguments [org.springframework.context.support.DefaultMessageSourceResolvable: codes [loginRequest.email,email]; arguments []; default message [email],[Ljakarta.validation.constraints.Pattern$Flag;@68b4b9db,.*]; default message [Email should be valid]] ]
2026-02-04T01:59:00.579-05:00  WARN 26376 --- [users-service] [           main] .w.s.m.s.DefaultHandlerExceptionResolver : Resolved [org.springframework.web.bind.MethodArgumentNotValidException: Validation failed for argument [0] in public org.springframework.http.ResponseEntity<com.portfolio.users.mappingLayer.dto.LoginResponse> com.portfolio.users.presentationLayer.controller.AuthController.login(com.portfolio.users.mappingLayer.dto.LoginRequest): [Field error in object 'loginRequest' on field 'password': rejected value [null]; codes [NotBlank.loginRequest.password,NotBlank.password,NotBlank.java.lang.String,NotBlank]; arguments [org.springframework.context.support.DefaultMessageSourceResolvable: codes [loginRequest.password,password]; arguments []; default message [password]]; default message [Password is required]] ]
[INFO] Tests run: 10, Failures: 0, Errors: 0, Skipped: 0, Time elapsed: 1.939 s -- in com.portfolio.users.presentationLayer.controller.AuthControllerIntegrationTest
[INFO] Running com.portfolio.users.security.JwtTokenProviderTest
2026-02-04T01:59:00.590-05:00  INFO 26376 --- [users-service] [           main] t.c.s.AnnotationConfigContextLoaderUtils : Could not detect default configuration classes for test class [com.portfolio.users.security.JwtTokenProviderTest]: JwtTokenProviderTest does not declare any static, non-private, non-final, nested classes annotated with @Configuration.
2026-02-04T01:59:00.613-05:00  INFO 26376 --- [users-service] [           main] .b.t.c.SpringBootTestContextBootstrapper : Found @SpringBootConfiguration com.portfolio.UsersServiceApplication for test class com.portfolio.users.security.JwtTokenProviderTest
[INFO] Tests run: 12, Failures: 0, Errors: 0, Skipped: 0, Time elapsed: 0.204 s -- in com.portfolio.users.security.JwtTokenProviderTest
[INFO] Running com.portfolio.users.utils.exception.ErrorResponseTest
[INFO] Tests run: 21, Failures: 0, Errors: 0, Skipped: 0, Time elapsed: 0.009 s -- in com.portfolio.users.utils.exception.ErrorResponseTest
[INFO] Running com.portfolio.users.utils.exception.GlobalExceptionHandlerTest
[INFO] Tests run: 15, Failures: 0, Errors: 0, Skipped: 0, Time elapsed: 0.009 s -- in com.portfolio.users.utils.exception.GlobalExceptionHandlerTest
[INFO] 
[INFO] Results:
[INFO] 
[INFO] Tests run: 240, Failures: 0, Errors: 0, Skipped: 0
[INFO] 
[INFO] 
[INFO] --- jacoco:0.8.11:report (report) @ users-service ---
[INFO] Loading execution data file C:\Final Project\Virtual Portfolio\backend\users-service\target\jacoco.exec
[INFO] Analyzed bundle 'Users Service' with 20 classes
[INFO] ------------------------------------------------------------------------
[INFO] BUILD SUCCESS
[INFO] ------------------------------------------------------------------------
[INFO] Total time:  43.903 s
[INFO] Finished at: 2026-02-04T01:59:02-05:00
[INFO] ------------------------------------------------------------------------
